// Jest Snapshot v1, https://goo.gl/fbAQLP

exports[`NavLinks component should render NavLinks unchanged 1`] = `
<div>
  <a
    class="flex h-[48px] flex-none justify-center p-2 px-3 items-center gap-2 rounded-md bg-gray-50 text-sm font-medium hover:bg-sky-100 hover:text-blue-600"
    href="/board"
  >
    <p
      class="block"
    >
      Board
    </p>
  </a>
  <a
    class="flex h-[48px] flex-none justify-center p-2 px-3 items-center gap-2 rounded-md bg-gray-50 text-sm font-medium hover:bg-sky-100 hover:text-blue-600"
    href="/tickets"
  >
    <p
      class="block"
    >
      Tickets
    </p>
  </a>
  <a
    class="flex h-[48px] flex-none justify-center p-2 px-3 items-center gap-2 rounded-md bg-gray-50 text-sm font-medium hover:bg-sky-100 hover:text-blue-600"
    href="/backlog"
  >
    <p
      class="block"
    >
      Backlog
    </p>
  </a>
</div>
`;
